// Jest Snapshot v1, https://goo.gl/fbAQLP

exports[`ImageItem should display the base ImageItem component with all loaded test data 1`] = `
<div
  style={
    Object {
      "alignItems": "center",
      "backgroundColor": "#FFF",
      "display": "flex",
      "flexDirection": "column",
      "height": "auto",
      "justifyContent": "center",
      "marginBottom": "1%",
      "width": "70%",
    }
  }
>
  <div
    style={
      Object {
        "marginTop": "2%",
        "maxWidth": "100vw",
        "width": "auto",
      }
    }
  >
    <div
      style={
        Object {
          "alignItems": "center",
          "backgroundColor": "#FFF",
          "borderBottom": "inset",
          "display": "flex",
          "flexDirection": "Column",
          "height": "auto",
          "justifyContent": "center",
          "minWidth": "600px",
          "width": "auto",
        }
      }
    >
      <h1>
        Test name
      </h1>
      <div
        style={
          Object {
            "display": "none",
          }
        }
      />
    </div>
  </div>
  <div
    style={
      Object {
        "marginBottom": "2%",
        "marginTop": "2%",
      }
    }
  >
    <img
      alt="test"
      onClick={[Function]}
      src="http://google.com"
      style={
        Object {
          "cursor": "pointer",
          "height": "auto",
          "maxWidth": "840px",
          "minWidth": "840px",
          "width": "auto",
        }
      }
    />
  </div>
  <div
    style={
      Object {
        "height": "auto",
        "margin": "2%",
        "maxHeight": "200",
        "maxWidth": "820px",
        "minHeight": "100px",
        "minWidth": "820px",
        "width": "auto",
      }
    }
  >
    <div
      style={
        Object {
          "backgroundColor": "#FFF",
          "borderBottom": "inset",
          "borderRight": "inset",
          "display": "flex",
          "flexDirection": "row",
          "height": "auto",
          "justifyContent": "flex-start",
          "maxWidth": "817px",
          "minWidth": "817px",
        }
      }
    >
      <img
        alt="avatar"
        src="http://google.ca"
        style={
          Object {
            "height": "auto",
            "margin": "0.3%",
            "maxHeight": "100px",
            "width": "auto",
          }
        }
      />
      <div
        style={
          Object {
            "display": "flex",
            "flexDirection": "row",
            "height": "auto",
            "justifyContent": "space-between",
            "marginLeft": "10px",
            "maxWidth": "700px",
            "minWidth": "700px",
            "width": "auto",
          }
        }
      >
        <div>
          <p
            style={
              Object {
                "height": "auto",
                "maxWidth": "400px",
                "minWidth": "400px",
                "width": "auto",
              }
            }
          >
            Photographer: 
            Test User
          </p>
          <p
            style={
              Object {
                "height": "auto",
                "maxWidth": "400px",
                "minWidth": "400px",
                "width": "auto",
              }
            }
          >
            Rating: 
            99.99999995
            %
          </p>
        </div>
        <div>
          <img
            alt="like"
            src="test-file-stub"
            style={
              Object {
                "height": "auto",
                "marginRight": "10px",
                "marginTop": "5px",
                "maxWidth": "40px",
                "width": "auto",
              }
            }
          />
        </div>
      </div>
    </div>
  </div>
</div>
`;
