// Jest Snapshot v1, https://goo.gl/fbAQLP

exports[`ImageItem should display the base ImageItem component with all loaded test data 1`] = `
<div
  style={
    Object {
      "alignItems": "center",
      "backgroundColor": "#FFF",
      "display": "flex",
      "flexDirection": "column",
      "height": "auto",
      "justifyContent": "center",
      "marginBottom": "1%",
      "maxWidth": "45vw",
      "width": "auto",
    }
  }
>
  <div
    style={
      Object {
        "marginTop": "2%",
        "maxWidth": "45vw",
        "width": "auto",
      }
    }
  >
    <div
      style={
        Object {
          "alignItems": "center",
          "backgroundColor": "#FFF",
          "borderBottom": "inset",
          "display": "flex",
          "flex": "none | [ <'flex-grow'> <'flex-shrink'>? || <'flex-basis'> ]",
          "flexDirection": "Column",
          "height": "auto",
          "justifyContent": "center",
          "minWidth": "40vw",
          "width": "auto",
        }
      }
    >
      <h1>
        Test name
      </h1>
      <div
        style={
          Object {
            "display": "none",
          }
        }
      />
    </div>
  </div>
  <div
    style={
      Object {
        "flex": "1",
        "marginBottom": "2%",
        "marginTop": "2%",
      }
    }
  >
    <img
      alt="test"
      onClick={[Function]}
      src="http://google.com"
      style={
        Object {
          "cursor": "pointer",
          "height": "auto",
          "maxWidth": "45vw",
          "width": "auto",
        }
      }
    />
  </div>
  <div
    style={
      Object {
        "flex": "none | [ <'flex-grow'> <'flex-shrink'>? || <'flex-basis'> ]",
        "height": "auto",
        "margin": "2%",
        "maxHeight": "200px",
        "minHeight": "100px",
        "minWidth": "96%",
        "width": "auto",
      }
    }
  >
    <div
      style={
        Object {
          "alignItems": "center",
          "backgroundColor": "#FFF",
          "borderBottom": "inset",
          "borderRight": "inset",
          "display": "flex",
          "flex": "none | [ <'flex-grow'> <'flex-shrink'>? || <'flex-basis'> ]",
          "flexDirection": "column",
          "height": "auto",
          "justifyContent": "flex-start",
          "minWidth": "100%",
          "width": "auto",
        }
      }
    >
      <div
        style={
          Object {
            "alignItems": "center",
            "display": "flex",
            "flex": "none | [ <'flex-grow'> <'flex-shrink'>? || <'flex-basis'> ]",
            "flexDirection": "row",
            "height": "auto",
            "justifyContent": "flex-start",
            "minWidth": "100%",
            "width": "auto",
          }
        }
      >
        <img
          alt="avatar"
          src="http://google.ca"
          style={
            Object {
              "flex": "none | [ <'flex-grow'> <'flex-shrink'>? || <'flex-basis'> ]",
              "height": "auto",
              "margin": "0.3%",
              "maxHeight": "120px",
              "width": "auto",
            }
          }
        />
        <div
          style={
            Object {
              "display": "flex",
              "flex": "none | [ <'flex-grow'> <'flex-shrink'>? || <'flex-basis'> ]",
              "flexDirection": "row",
              "height": "auto",
              "justifyContent": "space-between",
              "marginLeft": "1%",
              "minWidth": "78%",
              "width": "auto",
            }
          }
        >
          <div
            style={
              Object {
                "display": "flex",
                "flex": "none | [ <'flex-grow'> <'flex-shrink'>? || <'flex-basis'> ]",
                "flexDirection": "column",
                "height": "auto",
                "justifyContent": "flex-start",
                "minWidth": "85%",
                "width": "auto",
              }
            }
          >
            <p
              style={
                Object {
                  "flex": "none | [ <'flex-grow'> <'flex-shrink'>? || <'flex-basis'> ]",
                  "height": "auto",
                  "width": "auto",
                }
              }
            >
              Photographer: 
              Test User
            </p>
            <p
              style={
                Object {
                  "flex": "none | [ <'flex-grow'> <'flex-shrink'>? || <'flex-basis'> ]",
                  "height": "auto",
                  "width": "auto",
                }
              }
            >
              Rating: 
              99.99999995
              %
            </p>
          </div>
          <div
            style={
              Object {
                "alignSelf": "right",
                "flex": "none | [ <'flex-grow'> <'flex-shrink'>? || <'flex-basis'> ]",
                "height": "auto",
                "marginTop": "5px",
                "maxHeight": "40px",
                "width": "auto",
              }
            }
          >
            <img
              alt="like"
              src="test-file-stub"
              style={
                Object {
                  "flex": "none | [ <'flex-grow'> <'flex-shrink'>? || <'flex-basis'> ]",
                  "height": "auto",
                  "maxWidth": "40px",
                  "width": "auto",
                }
              }
            />
          </div>
        </div>
      </div>
    </div>
  </div>
</div>
`;
